qemu-system-arm -machine lm3s6965evb -nographic        -kernel build/armv7m/rk0_demo.elf
       0 ms :: CTRL pipe prio=2 sp=1200 
       0 ms :: Sense n=1 raw=997 
       0 ms :: Filt n=1 avg=997 
       0 ms :: Ctrl n=1 err=203 duty=601 
       0 ms :: Act n=1 duty=601 

     250 ms :: Sense n=2 raw=1034 
     250 ms :: Filt n=2 avg=1006 
     250 ms :: Ctrl n=2 err=194 duty=597 
     250 ms :: Act n=2 duty=597 
     500 ms :: Sense n=3 raw=1071 
     500 ms :: Filt n=3 avg=1022 
     500 ms :: Ctrl n=3 err=178 duty=589 
     500 ms :: Act n=3 duty=589 
     750 ms :: Sense n=4 raw=1108 
     750 ms :: Filt n=4 avg=1043 
     750 ms :: Ctrl n=4 err=157 duty=578 
     750 ms :: Act n=4 duty=578 
    1000 ms :: Sense n=5 raw=1145 
    1000 ms :: Filt n=5 avg=1068 
    1000 ms :: Ctrl n=5 err=132 duty=566 
    1000 ms :: Act n=5 duty=566 
    1250 ms :: Sense n=6 raw=1182 
    1250 ms :: Filt n=6 avg=1096 
    1250 ms :: Ctrl n=6 err=104 duty=552 
    1250 ms :: Act n=6 duty=552 
    1500 ms :: Sense n=7 raw=1219 
    1500 ms :: Filt n=7 avg=1126 
    1500 ms :: Ctrl n=7 err=74 duty=537 
    1500 ms :: Act n=7 duty=537 
    1750 ms :: Sense n=8 raw=1256 
    1750 ms :: Filt n=8 avg=1158 
    1750 ms :: Ctrl n=8 err=42 duty=521 
    1750 ms :: Act n=8 duty=521 
    2000 ms :: Sense n=9 raw=1293 
    2000 ms :: Filt n=9 avg=1191 
    2000 ms :: Ctrl n=9 err=9 duty=504 
    2000 ms :: Act n=9 duty=504 
    2250 ms :: Sense n=10 raw=1330 
    2250 ms :: Filt n=10 avg=1225 
    2250 ms :: Ctrl n=10 err=-25 duty=488 
    2250 ms :: Act n=10 duty=488 
ktrace> 
KTRACE_DUMP frames=64 dropped=13

KTRACE_FRAME 524b545201013a000d0000000a0000007c5b00204c6f674d656d00ff01ff4fd000000000070000000f000000000005064c6f6754736b0000610a

KTRACE_FRAME 524b545201013a000e00000000000000305b00204c6f675100ffff0001ff1fd01900000009000000010000000000060253656e7365000000c109

KTRACE_FRAME 524b545201013a000f00000000000000305b00204c6f675100ffff0001ff1fd0190000000a0000000000000000000c0253656e7365000000c809

KTRACE_FRAME 524b545201013a001000000000000000406c002046696c74496e000a05ff1fd0000000000000000000000000000001ff2d000000494e4954ff08

KTRACE_FRAME 524b545201013a001100000000000000406c002046696c74496e000005ff1fd0000000000000000000000000000002ff2d000000494e4954f708

KTRACE_FRAME 524b545201013a0012000000000000000c6c002053656e73496e000005ff1fd0000000000000000000000000000001ff2d000000494e4954cd08

KTRACE_FRAME 524b545201013a001300000000000000406c002046696c74496e000005ff1fd000000000040000000100000000001b0253656e7365000000b708

KTRACE_FRAME 524b545201013a0014000000000000007c5b00204c6f674d656d00ff01ff4fd0000000000900000010000000000005064c6f6754736b0000610a

KTRACE_FRAME 524b545201013a0015000000160000000c6c002053656e73496e000805ff1fd0000000000000000000000000000002ff2d000000494e4954ef08

KTRACE_FRAME 524b545201013a0016000000000000000c6c002053656e73496e001c05ff1fd000000000060000000100000000001c0253656e7365000000af08

KTRACE_FRAME 524b545201013a001700000000000000a86c0020416374496e00000605ff1fd0000000000000000000000000000007054163740053656e00dc08

KTRACE_FRAME 524b545201013a0018000000000000000c6c002053656e73496e000005ff1fd0190000000300000000000000000007054163740053656e00d808

KTRACE_FRAME 524b545201013a0019000000000000007c5b00204c6f674d656d00ff01ff4fd019000000100000000f000000000005064c6f6754736b0000850a

KTRACE_FRAME 524b545201013a001a00000000000000305b00204c6f675100ffff0001ff1fd03200000010000000010000000000060253656e7365000000ed09

KTRACE_FRAME 524b545201013a001b00000000000000305b00204c6f675100ffff0001ff1fd032000000110000000000000000000c0253656e7365000000f409

KTRACE_FRAME 524b545201013a001c00000000000000406c002046696c74496e001105ff1fd00000000005000000000000000000060253656e7365000000bc08

KTRACE_FRAME 524b545201013a001d0000001a0000000c6c002053656e73496e000e05ff1fd01900000007000000000000000000070253656e7365000000c608

KTRACE_FRAME 524b545201013a001e000000000000000c6c002053656e73496e001c05ff1fd0190000000d0000000100000000001c0253656e7365000000d708

KTRACE_FRAME 524b545201013a001f00000000000000a86c0020416374496e00000d05ff1fd0190000000a00000000000000000006044374726c000000006308

KTRACE_FRAME 524b545201013a0020000000000000000c6c002053656e73496e000505ff1fd0320000000900000000000000000007054163740053656e000409

KTRACE_FRAME 524b545201013a0021000000000000007c5b00204c6f674d656d00ff01ff4fd032000000190000000f000000000005064c6f6754736b0000af0a

KTRACE_FRAME 524b545201013a002200000000000000305b00204c6f675100ffff0001ff1fd04b00000017000000010000000000060253656e7365000000150a

KTRACE_FRAME 524b545201013a002300000000000000305b00204c6f675100ffff0001ff1fd04b000000180000000000000000000c0253656e73650000001c0a

KTRACE_FRAME 524b545201013a002400000000000000406c002046696c74496e001805ff1fd01900000006000000000000000000070346696c74000000007808

KTRACE_FRAME 524b545201013a00250000001a0000000c6c002053656e73496e001405ff1fd0320000000e000000000000000000070253656e7365000000f408

KTRACE_FRAME 524b545201013a0026000000000000000c6c002053656e73496e001c05ff1fd032000000140000000100000000001c0253656e7365000000ff08

KTRACE_FRAME 524b545201013a002700000000000000a86c0020416374496e00001405ff1fd0320000001000000000000000000006044374726c000000009108

KTRACE_FRAME 524b545201013a0028000000000000000c6c002053656e73496e000b05ff1fd04b0000000f00000000000000000007054163740053656e003109

KTRACE_FRAME 524b545201013a0029000000000000007c5b00204c6f674d656d00ff01ff4fd04b000000220000000f000000000005064c6f6754736b0000d90a

KTRACE_FRAME 524b545201013a002a00000000000000305b00204c6f675100ffff0001ff1fd0640000001e000000010000000000060253656e73650000003d0a

KTRACE_FRAME 524b545201013a002b00000000000000305b00204c6f675100ffff0001ff1fd0640000001f0000000000000000000c0253656e7365000000440a

KTRACE_FRAME 524b545201013a002c00000000000000406c002046696c74496e001f05ff1fd0320000000c000000000000000000070346696c7400000000a608

KTRACE_FRAME 524b545201013a002d0000001a0000000c6c002053656e73496e001a05ff1fd04b00000015000000000000000000070253656e73650000002209

KTRACE_FRAME 524b545201013a002e000000000000000c6c002053656e73496e001c05ff1fd04b0000001b0000000100000000001c0253656e73650000002709

KTRACE_FRAME 524b545201013a002f00000000000000a86c0020416374496e00001b05ff1fd04b0000001600000000000000000006044374726c00000000bf08

KTRACE_FRAME 524b545201013a0030000000000000000c6c002053656e73496e001105ff1fd0640000001500000000000000000007054163740053656e005e09

KTRACE_FRAME 524b545201013a0031000000000000007c5b00204c6f674d656d00ff01ff4fd0640000002b0000000f000000000005064c6f6754736b0000030b

KTRACE_FRAME 524b545201013a003200000000000000305b00204c6f675100ffff0001ff1fd07d00000025000000010000000000060253656e7365000000650a

KTRACE_FRAME 524b545201013a003300000000000000305b00204c6f675100ffff0001ff1fd07d000000260000000000000000000c0253656e73650000006c0a

KTRACE_FRAME 524b545201013a003400000000000000406c002046696c74496e002605ff1fd04b00000012000000000000000000070346696c7400000000d408

KTRACE_FRAME 524b545201013a00350000001a0000000c6c002053656e73496e002005ff1fd0640000001c000000000000000000070253656e73650000005009

KTRACE_FRAME 524b545201013a0036000000000000000c6c002053656e73496e001c05ff1fd064000000220000000100000000001c0253656e73650000004f09

KTRACE_FRAME 524b545201013a003700000000000000a86c0020416374496e00002205ff1fd0640000001c00000000000000000006044374726c00000000ed08

KTRACE_FRAME 524b545201013a0038000000000000000c6c002053656e73496e001705ff1fd07d0000001b00000000000000000007054163740053656e008b09

KTRACE_FRAME 524b545201013a0039000000000000007c5b00204c6f674d656d00ff01ff4fd07d000000340000000f000000000005064c6f6754736b00002d0b

KTRACE_FRAME 524b545201013a003a00000000000000305b00204c6f675100ffff0001ff1fd0960000002c000000010000000000060253656e73650000008d0a

KTRACE_FRAME 524b545201013a003b00000000000000305b00204c6f675100ffff0001ff1fd0960000002d0000000000000000000c0253656e7365000000940a

KTRACE_FRAME 524b545201013a003c00000000000000406c002046696c74496e002d05ff1fd06400000018000000000000000000070346696c74000000000209

KTRACE_FRAME 524b545201013a003d0000001a0000000c6c002053656e73496e002605ff1fd07d00000023000000000000000000070253656e73650000007e09

KTRACE_FRAME 524b545201013a003e000000000000000c6c002053656e73496e001c05ff1fd07d000000290000000100000000001c0253656e73650000007709

KTRACE_FRAME 524b545201013a003f00000000000000a86c0020416374496e00002905ff1fd07d0000002200000000000000000006044374726c000000001b09

KTRACE_FRAME 524b545201013a0040000000000000000c6c002053656e73496e001d05ff1fd0960000002100000000000000000007054163740053656e00b809

KTRACE_FRAME 524b545201013a0041000000000000007c5b00204c6f674d656d00ff01ff4fd0960000003d0000000f000000000005064c6f6754736b0000570b

KTRACE_FRAME 524b545201013a004200000000000000305b00204c6f675100ffff0001ff1fd0af00000033000000010000000000060253656e7365000000b50a

KTRACE_FRAME 524b545201013a004300000000000000305b00204c6f675100ffff0001ff1fd0af000000340000000000000000000c0253656e7365000000bc0a

KTRACE_FRAME 524b545201013a004400000000000000406c002046696c74496e003405ff1fd07d0000001e000000000000000000070346696c74000000003009

KTRACE_FRAME 524b545201013a00450000001a0000000c6c002053656e73496e002c05ff1fd0960000002a000000000000000000070253656e7365000000ac09

KTRACE_FRAME 524b545201013a0046000000000000000c6c002053656e73496e001c05ff1fd096000000300000000100000000001c0253656e73650000009f09

KTRACE_FRAME 524b545201013a004700000000000000a86c0020416374496e00003005ff1fd0960000002800000000000000000006044374726c000000004909

KTRACE_FRAME 524b545201013a0048000000000000000c6c002053656e73496e002305ff1fd0af0000002700000000000000000007054163740053656e00e509

KTRACE_FRAME 524b545201013a0049000000000000007c5b00204c6f674d656d00ff01ff4fd0af000000460000000f000000000005064c6f6754736b0000810b

KTRACE_FRAME 524b545201013a004a00000000000000305b00204c6f675100ffff0001ff1fd0c80000003a000000010000000000060253656e7365000000dd0a

KTRACE_FRAME 524b545201013a004b00000000000000305b00204c6f675100ffff0001ff1fd0c80000003b0000000000000000000c0253656e7365000000e40a

KTRACE_FRAME 524b545201013a004c00000000000000406c002046696c74496e003b05ff1fd09600000024000000000000000000070346696c74000000005e09

    2500 ms :: Sense n=11 raw=1367 
    2500 ms :: Filt n=11 avg=1260 
    2500 ms :: Ctrl n=11 err=-60 duty=470 
    2500 ms :: Act n=11 duty=470 
    2750 ms :: Sense n=12 raw=984 
    2750 ms :: Filt n=12 avg=1191 
    2750 ms :: Ctrl n=12 err=9 duty=504 
    2750 ms :: Act n=12 duty=504 
